<html>
<body>
<pre>
<h1>µVision Build Log</h1>
<h2>Tool Versions:</h2>
IDE-Version: ¦ÌVision V5.39.0.0
Copyright (C) 2023 ARM Ltd and ARM Germany GmbH. All rights reserved.
License Information: 123 3051003430@qq.com, 123, LIC=ZB4EI-T1LIB-BS2YX-H7C0A-RG798-KN7FY
 
Tool Versions:
Toolchain:       MDK-ARM Plus  Version: 5.39.0.0
Toolchain Path:  C:\Keil_v5\ARM\ARMCC\Bin
C Compiler:      Armcc.exe V5.06 update 7 (build 960)
Assembler:       Armasm.exe V5.06 update 7 (build 960)
Linker/Locator:  ArmLink.exe V5.06 update 7 (build 960)
Library Manager: ArmAr.exe V5.06 update 7 (build 960)
Hex Converter:   FromElf.exe V5.06 update 7 (build 960)
CPU DLL:         SARMCM3.DLL V5.39.0.0
Dialog DLL:      DCM.DLL V1.17.5.0
Target DLL:      STLink\ST-LINKIII-KEIL_SWO.dll V3.2.0.0
Dialog DLL:      TCM.DLL V1.56.4.0
 
<h2>Project:</h2>
C:\Users\30510\Desktop\robocon_local\R1_RemoteControler\software\Romote_Controler\MDK-ARM\Romote_Controler.uvprojx
Project File Date:  06/02/2026

<h2>Output:</h2>
*** Using Compiler 'V5.06 update 7 (build 960)', folder: 'C:\Keil_v5\ARM\ARMCC\Bin'
Build target 'Romote_Controler'
compiling e28.c...
..\Hardware\E28\e28.h(9): warning:  #1-D: last line of file ends without a newline
  #endif
..\Hardware\E28\e28.c(84): warning:  #1-D: last line of file ends without a newline
  }
..\Hardware\E28\e28.c: 2 warnings, 0 errors
compiling interrupt.c...
../Hardware/E28/e28.h(9): warning:  #1-D: last line of file ends without a newline
  #endif
../Hardware/ENCODER/encoder.h(9): warning:  #1-D: last line of file ends without a newline
  #endif
..\Hardware\interrupt\interrupt.h(9): warning:  #1-D: last line of file ends without a newline
  #endif
..\Hardware\interrupt\interrupt.c(50): warning:  #223-D: function "memset" declared implicitly
  				memset(kfs, 0, sizeof(kfs));
..\Hardware\interrupt\interrupt.c: 4 warnings, 0 errors
linking...
Program Size: Code=13116 RO-data=544 RW-data=68 ZI-data=5372  
FromELF: creating hex file...
"Romote_Controler\Romote_Controler.axf" - 0 Error(s), 6 Warning(s).

<h2>Software Packages used:</h2>

Package Vendor: ARM
                http://www.keil.com/pack/ARM.CMSIS.5.9.0.pack
                ARM::CMSIS@5.9.0
                CMSIS (Common Microcontroller Software Interface Standard)
   * Component: CORE Version: 5.6.0

Package Vendor: Keil
                https://www.keil.com/pack/Keil.STM32F4xx_DFP.3.1.0.pack
                Keil::STM32F4xx_DFP@3.1.0
                STMicroelectronics STM32F4 Series Device Support

<h2>Collection of Component include folders:</h2>
  ./RTE/_Romote_Controler
  C:/Users/30510/AppData/Local/Arm/Packs/ARM/CMSIS/5.9.0/CMSIS/Core/Include

<h2>Collection of Component Files used:</h2>

   * Component: ARM::CMSIS:CORE@5.6.0
      Include file:  CMSIS/Core/Include/tz_context.h
Build Time Elapsed:  00:00:04
</pre>
</body>
</html>
